[
  {
    "author": "Alice",
    "name": "Bob Land",
    "album": "Crazy ideas",
    "spotify_id": 999,
    "released_at": "1970-01-01T00:16:40Z",
    "created_at": "1969-12-31T16:00:00-08:00",
    "updated_at": "1969-12-31T16:00:00-08:00"
  }
]